<pre class="shiki shiki-themes github-light github-dark" style="background-color:#fff;--shiki-dark-bg:#24292e;color:#24292e;--shiki-dark:#e1e4e8;"><code><span class="line"><span style="color:#D73A49;--shiki-dark:#F97583">&lt;?</span><span style="color:#005CC5;--shiki-dark:#79B8FF">php</span><span style="color:#24292E;--shiki-dark:#E1E4E8"> </span><span style="color:#005CC5;--shiki-dark:#79B8FF">echo</span><span style="color:#24292E;--shiki-dark:#E1E4E8"> </span><span style="color:#032F62;--shiki-dark:#9ECBFF">&quot;Hello World&quot;</span><span style="color:#24292E;--shiki-dark:#E1E4E8">; </span><span style="color:#D73A49;--shiki-dark:#F97583">?&gt;</span></span></code></pre>